\BOOKMARK [0][-]{Doc-Start}{\376\377\000I\000n\000t\000r\000o\000d\000u\000c\000t\000i\000o\000n}{}% 1
\BOOKMARK [0][-]{chapter.1}{\376\377\000I\000n\000t\000r\000o\000d\000u\000c\000t\000i\000o\000n\000\040\000t\000o\000\040\000Q\000u\000a\000n\000t\000u\000m\000\040\000M\000e\000c\000h\000a\000n\000i\000c\000s}{}% 2
\BOOKMARK [1][-]{section.1.1}{\376\377\000F\000r\000o\000m\000\040\000c\000l\000a\000s\000s\000i\000c\000a\000l\000\040\000p\000h\000y\000s\000i\000c\000s\000\040\000t\000o\000\040\000q\000u\000a\000n\000t\000u\000m\000\040\000m\000e\000c\000h\000a\000n\000i\000c\000s}{chapter.1}% 3
\BOOKMARK [1][-]{section.1.2}{\376\377\000P\000o\000s\000t\000u\000l\000a\000t\000e\000s\000\040\000o\000f\000\040\000q\000u\000a\000n\000t\000u\000m\000\040\000m\000e\000c\000h\000a\000n\000i\000c\000s\000\040\000f\000o\000r\000\040\000c\000l\000o\000s\000e\000d\000\040\000a\000n\000d\000\040\000i\000s\000o\000l\000a\000t\000e\000d\000\040\000s\000y\000s\000t\000e\000m\000s}{chapter.1}% 4
\BOOKMARK [1][-]{section.1.3}{\376\377\000S\000t\000a\000t\000e\000s\000\040\000a\000n\000d\000\040\000o\000b\000s\000e\000r\000v\000a\000b\000l\000e\000s}{chapter.1}% 5
\BOOKMARK [2][-]{subsection.1.3.1}{\376\377\000H\000i\000l\000b\000e\000r\000t\000\040\000s\000p\000a\000c\000e\000s\000\040\000a\000n\000d\000\040\000D\000i\000r\000a\000c\000\040\000n\000o\000t\000a\000t\000i\000o\000n}{section.1.3}% 6
\BOOKMARK [2][-]{subsection.1.3.2}{\376\377\000L\000i\000n\000e\000a\000r\000\040\000o\000p\000e\000r\000a\000t\000o\000r\000s\000,\000\040\000o\000u\000t\000e\000r\000\040\000p\000r\000o\000d\000u\000c\000t\000s\000,\000\040\000a\000n\000d\000\040\000a\000d\000j\000o\000i\000n\000t\000s}{section.1.3}% 7
\BOOKMARK [2][-]{subsection.1.3.3}{\376\377\000O\000b\000s\000e\000r\000v\000a\000b\000l\000e\000s\000\040\000a\000n\000d\000\040\000s\000p\000e\000c\000t\000r\000a\000l\000\040\000d\000e\000c\000o\000m\000p\000o\000s\000i\000t\000i\000o\000n}{section.1.3}% 8
\BOOKMARK [1][-]{section.1.4}{\376\377\000T\000i\000m\000e\000\040\000e\000v\000o\000l\000u\000t\000i\000o\000n\000\040\000i\000n\000\040\000q\000u\000a\000n\000t\000u\000m\000\040\000m\000e\000c\000h\000a\000n\000i\000c\000s}{chapter.1}% 9
\BOOKMARK [2][-]{subsection.1.4.1}{\376\377\000T\000i\000m\000e\000-\000e\000v\000o\000l\000u\000t\000i\000o\000n\000\040\000o\000p\000e\000r\000a\000t\000o\000r\000\040\000a\000n\000d\000\040\000i\000t\000s\000\040\000g\000e\000n\000e\000r\000a\000l\000\040\000p\000r\000o\000p\000e\000r\000t\000i\000e\000s}{section.1.4}% 10
\BOOKMARK [2][-]{subsection.1.4.2}{\376\377\000I\000n\000f\000i\000n\000i\000t\000e\000s\000i\000m\000a\000l\000\040\000e\000v\000o\000l\000u\000t\000i\000o\000n\000\040\000a\000n\000d\000\040\000H\000a\000m\000i\000l\000t\000o\000n\000i\000a\000n\000\040\000g\000e\000n\000e\000r\000a\000t\000o\000r}{section.1.4}% 11
\BOOKMARK [2][-]{subsection.1.4.3}{\376\377\000T\000i\000m\000e\000-\000d\000e\000p\000e\000n\000d\000e\000n\000t\000\040\000H\000a\000m\000i\000l\000t\000o\000n\000i\000a\000n\000s\000\040\000a\000n\000d\000\040\000t\000i\000m\000e\000\040\000o\000r\000d\000e\000r\000i\000n\000g}{section.1.4}% 12
\BOOKMARK [1][-]{section.1.5}{\376\377\000S\000t\000a\000t\000i\000s\000t\000i\000c\000a\000l\000\040\000e\000n\000s\000e\000m\000b\000l\000e\000s\000\040\000a\000n\000d\000\040\000m\000i\000x\000e\000d\000\040\000s\000t\000a\000t\000e\000s}{chapter.1}% 13
\BOOKMARK [2][-]{subsection.1.5.1}{\376\377\000T\000w\000o\000-\000l\000e\000v\000e\000l\000\040\000s\000y\000s\000t\000e\000m\000s\000\040\000\050\000q\000u\000b\000i\000t\000s\000\051}{section.1.5}% 14
\BOOKMARK [1][-]{section.1.6}{\376\377\000B\000i\000p\000a\000r\000t\000i\000t\000e\000\040\000a\000n\000d\000\040\000m\000u\000l\000t\000i\000p\000a\000r\000t\000i\000t\000e\000\040\000s\000y\000s\000t\000e\000m\000s}{chapter.1}% 15
\BOOKMARK [2][-]{subsection.1.6.1}{\376\377\000T\000e\000n\000s\000o\000r\000-\000p\000r\000o\000d\000u\000c\000t\000\040\000s\000t\000r\000u\000c\000t\000u\000r\000e\000\040\000a\000n\000d\000\040\000p\000r\000o\000d\000u\000c\000t\000\040\000b\000a\000s\000e\000s}{section.1.6}% 16
\BOOKMARK [2][-]{subsection.1.6.2}{\376\377\000L\000o\000c\000a\000l\000\040\000o\000p\000e\000r\000a\000t\000o\000r\000s\000,\000\040\000r\000e\000d\000u\000c\000e\000d\000\040\000s\000t\000a\000t\000e\000s\000,\000\040\000a\000n\000d\000\040\000p\000a\000r\000t\000i\000a\000l\000\040\000t\000r\000a\000c\000e}{section.1.6}% 17
\BOOKMARK [2][-]{subsection.1.6.3}{\376\377\000B\000e\000l\000l\000\040\000b\000a\000s\000i\000s\000\040\000a\000n\000d\000\040\000p\000a\000r\000i\000t\000y\000\040\000s\000e\000c\000t\000o\000r\000s}{section.1.6}% 18
\BOOKMARK [2][-]{subsection.1.6.4}{\376\377\000S\000e\000p\000a\000r\000a\000b\000l\000e\000\040\000a\000n\000d\000\040\000e\000n\000t\000a\000n\000g\000l\000e\000d\000\040\000s\000t\000a\000t\000e\000s\000:\000\040\000d\000e\000f\000i\000n\000i\000t\000i\000o\000n\000\040\000a\000n\000d\000\040\000m\000e\000t\000h\000o\000d\000s}{section.1.6}% 19
\BOOKMARK [2][-]{subsection.1.6.5}{\376\377\000C\000o\000n\000c\000u\000r\000r\000e\000n\000c\000e\000\040\000f\000o\000r\000\040\000t\000w\000o\000-\000q\000u\000b\000i\000t\000\040\000s\000t\000a\000t\000e\000s}{section.1.6}% 20
\BOOKMARK [2][-]{subsection.1.6.6}{\376\377\000G\000e\000n\000e\000r\000i\000c\000\040\000m\000u\000l\000t\000i\000p\000a\000r\000t\000i\000t\000e\000\040\000s\000y\000s\000t\000e\000m\000s\000\040\000a\000n\000d\000\040\000c\000o\000l\000l\000e\000c\000t\000i\000v\000e\000\040\000s\000p\000i\000n\000\040\000o\000b\000s\000e\000r\000v\000a\000b\000l\000e\000s}{section.1.6}% 21
\BOOKMARK [2][-]{subsection.1.6.7}{\376\377\000S\000t\000a\000n\000d\000a\000r\000d\000\040\000q\000u\000a\000n\000t\000u\000m\000\040\000l\000i\000m\000i\000t\000\040\000v\000s\000\040\000H\000e\000i\000s\000e\000n\000b\000e\000r\000g\000\040\000l\000i\000m\000i\000t}{section.1.6}% 22
\BOOKMARK [1][-]{section.1.7}{\376\377\000S\000p\000i\000n\000\040\000s\000q\000u\000e\000e\000z\000i\000n\000g}{chapter.1}% 23
\BOOKMARK [2][-]{subsection.1.7.1}{\376\377\000C\000o\000l\000l\000e\000c\000t\000i\000v\000e\000\040\000s\000p\000i\000n\000\040\000o\000p\000e\000r\000a\000t\000o\000r\000s\000\040\000a\000n\000d\000\040\000c\000o\000h\000e\000r\000e\000n\000t\000\040\000s\000p\000i\000n\000\040\000s\000t\000a\000t\000e\000s}{section.1.7}% 24
\BOOKMARK [2][-]{subsection.1.7.2}{\376\377\000K\000i\000t\000a\000g\000a\000w\000a\000-\000U\000e\000d\000a\000\040\000a\000n\000d\000\040\000W\000i\000n\000e\000l\000a\000n\000d\000\040\000d\000e\000f\000i\000n\000i\000t\000i\000o\000n\000s}{section.1.7}% 25
\BOOKMARK [2][-]{subsection.1.7.3}{\376\377\000S\000p\000i\000n\000\040\000s\000q\000u\000e\000e\000z\000i\000n\000g\000\040\000a\000n\000d\000\040\000s\000y\000m\000m\000e\000t\000r\000i\000c\000\040\000s\000t\000a\000t\000e\000s}{section.1.7}% 26
\BOOKMARK [0][-]{chapter.2}{\376\377\000C\000o\000n\000t\000i\000n\000u\000o\000u\000s\000l\000y\000\040\000M\000o\000n\000i\000t\000o\000r\000e\000d\000\040\000O\000p\000e\000n\000\040\000Q\000u\000a\000n\000t\000u\000m\000\040\000S\000y\000s\000t\000e\000m\000s}{}% 27
\BOOKMARK [1][-]{section.2.1}{\376\377\000O\000p\000e\000n\000\040\000q\000u\000a\000n\000t\000u\000m\000\040\000s\000y\000s\000t\000e\000m\000s\000:\000\040\000f\000o\000r\000m\000a\000l\000i\000s\000m}{chapter.2}% 28
\BOOKMARK [2][-]{subsection.2.1.1}{\376\377\000G\000e\000n\000e\000r\000a\000l\000i\000z\000e\000d\000\040\000m\000e\000a\000s\000u\000r\000e\000m\000e\000n\000t\000s\000,\000\040\000t\000h\000e\000\040\000P\000O\000V\000M\000s}{section.2.1}% 29
\BOOKMARK [2][-]{subsection.2.1.2}{\376\377\000Q\000u\000a\000n\000t\000u\000m\000\040\000m\000a\000p\000s\000:\000\040\000C\000P\000T\000P\000\040\000t\000r\000a\000n\000s\000f\000o\000r\000m\000a\000t\000i\000o\000n\000s}{section.2.1}% 30
\BOOKMARK [2][-]{subsection.2.1.3}{\376\377\000S\000t\000i\000n\000e\000s\000p\000r\000i\000n\000g\000\040\000t\000h\000e\000o\000r\000e\000m\000\040\000a\000n\000d\000\040\000K\000r\000a\000u\000s\000'\000\040\000o\000p\000e\000r\000a\000t\000o\000r\000-\000s\000u\000m\000\040\000r\000e\000p\000r\000e\000s\000e\000n\000t\000a\000t\000i\000o\000n}{section.2.1}% 31
\BOOKMARK [2][-]{subsection.2.1.4}{\376\377\000G\000e\000n\000e\000r\000a\000l\000i\000z\000e\000d\000\040\000q\000u\000a\000n\000t\000u\000m\000\040\000p\000o\000s\000t\000u\000l\000a\000t\000e\000s}{section.2.1}% 32
\BOOKMARK [1][-]{section.2.2}{\376\377\000M\000a\000r\000k\000o\000v\000i\000a\000n\000\040\000m\000a\000s\000t\000e\000r\000\040\000e\000q\000u\000a\000t\000i\000o\000n\000s}{chapter.2}% 33
\BOOKMARK [1][-]{section.2.3}{\376\377\000S\000t\000o\000c\000h\000a\000s\000t\000i\000c\000\040\000m\000a\000s\000t\000e\000r\000\040\000e\000q\000u\000a\000t\000i\000o\000n\000s}{chapter.2}% 34
\BOOKMARK [2][-]{subsection.2.3.1}{\376\377\000P\000h\000o\000t\000o\000d\000e\000t\000e\000c\000t\000i\000o\000n\000,\000\040\000t\000h\000e\000\040\000q\000u\000a\000n\000t\000u\000m\000-\000j\000u\000m\000p\000\040\000u\000n\000r\000a\000v\000e\000l\000l\000i\000n\000g}{section.2.3}% 35
\BOOKMARK [2][-]{subsection.2.3.2}{\376\377\000H\000o\000m\000o\000d\000y\000n\000e\000\040\000d\000e\000t\000e\000c\000t\000i\000o\000n\000,\000\040\000a\000\040\000d\000i\000f\000f\000u\000s\000i\000v\000e\000\040\000u\000n\000r\000a\000v\000e\000l\000l\000i\000n\000g}{section.2.3}% 36
\BOOKMARK [1][-]{section.2.4}{\376\377\000R\000e\000l\000e\000v\000a\000n\000t\000\040\000s\000i\000n\000g\000l\000e\000-\000q\000u\000b\000i\000t\000\040\000p\000a\000r\000a\000d\000i\000g\000m\000s}{chapter.2}% 37
\BOOKMARK [2][-]{subsection.2.4.1}{\376\377\000S\000i\000n\000g\000l\000e\000-\000q\000u\000b\000i\000t\000\040\000s\000p\000o\000n\000t\000a\000n\000e\000o\000u\000s\000\040\000e\000m\000i\000s\000s\000i\000o\000n}{section.2.4}% 38
\BOOKMARK [2][-]{subsection.2.4.2}{\376\377\000S\000i\000n\000g\000l\000e\000-\000q\000u\000b\000i\000t\000\040\000p\000u\000r\000e\000\040\000d\000e\000p\000h\000a\000s\000i\000n\000g}{section.2.4}% 39
\BOOKMARK [0][-]{chapter.3}{\376\377\000E\000n\000t\000a\000n\000g\000l\000i\000n\000g\000\040\000u\000n\000r\000a\000v\000e\000l\000l\000i\000n\000g\000s\000\040\000f\000o\000r\000\040\000q\000u\000a\000n\000t\000u\000m\000\040\000s\000t\000a\000t\000e\000\040\000e\000n\000g\000i\000n\000e\000e\000r\000i\000n\000g\000\040\000/\000\040\000R\000e\000s\000u\000l\000t\000s}{}% 40
\BOOKMARK [1][-]{section.3.1}{\376\377\000M\000e\000a\000s\000u\000r\000e\000m\000e\000n\000t\000-\000i\000n\000d\000u\000c\000e\000d\000\040\000e\000n\000t\000a\000n\000g\000l\000e\000m\000e\000n\000t\000\040\000i\000n\000\040\000t\000h\000e\000\040\000f\000l\000u\000o\000r\000e\000s\000c\000e\000n\000c\000e\000\040\000s\000c\000h\000e\000m\000e}{chapter.3}% 41
\BOOKMARK [2][-]{subsection.3.1.1}{\376\377\000A\000n\000a\000l\000y\000z\000i\000n\000g\000\040\000p\000h\000o\000t\000o\000d\000e\000t\000e\000c\000t\000i\000o\000n}{section.3.1}% 42
\BOOKMARK [2][-]{subsection.3.1.2}{\376\377\000O\000p\000t\000i\000m\000a\000l\000\040\000h\000o\000m\000o\000d\000y\000n\000e\000\040\000p\000h\000a\000s\000e\000s}{section.3.1}% 43
\BOOKMARK [2][-]{subsection.3.1.3}{\376\377\000M\000e\000a\000s\000u\000r\000e\000m\000e\000n\000t\000\040\000i\000n\000e\000f\000f\000i\000c\000i\000e\000n\000c\000y\000\040\000a\000n\000d\000\040\000p\000h\000y\000s\000i\000c\000a\000l\000\040\000i\000m\000p\000l\000i\000c\000a\000t\000i\000o\000n\000s}{section.3.1}% 44
\BOOKMARK [1][-]{section.3.2}{\376\377\000I\000n\000t\000e\000r\000f\000e\000r\000o\000m\000e\000t\000r\000i\000c\000\040\000m\000o\000n\000i\000t\000o\000r\000i\000n\000g\000\040\000o\000f\000\040\000t\000w\000o\000\040\000i\000n\000d\000e\000p\000e\000n\000d\000e\000n\000t\000\040\000d\000e\000p\000h\000a\000s\000i\000n\000g\000\040\000c\000h\000a\000n\000n\000e\000l\000s}{chapter.3}% 45
\BOOKMARK [2][-]{subsection.3.2.1}{\376\377\000I\000d\000e\000a\000l\000\040\000p\000h\000o\000t\000o\000d\000e\000t\000e\000c\000t\000i\000o\000n\000:\000\040\000t\000r\000i\000v\000i\000a\000l\000\040\000n\000o\000-\000c\000l\000i\000c\000k\000\040\000e\000v\000o\000l\000u\000t\000i\000o\000n\000\040\000a\000n\000d\000\040\000p\000a\000r\000i\000t\000y\000-\000r\000e\000s\000o\000l\000v\000i\000n\000g\000\040\000j\000u\000m\000p\000s}{section.3.2}% 46
\BOOKMARK [2][-]{subsection.3.2.2}{\376\377\000D\000y\000n\000a\000m\000i\000c\000s\000\040\000o\000f\000\040\000C\000S\000S\000\040\000s\000t\000a\000t\000e\000s}{section.3.2}% 47
\BOOKMARK [2][-]{subsection.3.2.3}{\376\377\000E\000n\000s\000e\000m\000b\000l\000e\000-\000a\000v\000e\000r\000a\000g\000e\000d\000\040\000q\000u\000a\000n\000t\000i\000t\000i\000e\000s\000\040\000o\000v\000e\000r\000\040\000t\000r\000a\000j\000e\000c\000t\000o\000r\000i\000e\000s}{section.3.2}% 48
\BOOKMARK [2][-]{subsection.3.2.4}{\376\377\000S\000p\000i\000n\000-\000s\000q\000u\000e\000e\000z\000i\000n\000g}{section.3.2}% 49
\BOOKMARK [0][-]{chapter.4}{\376\377\000C\000o\000n\000c\000l\000u\000s\000i\000o\000n\000s}{}% 50
\BOOKMARK [0][-]{chapter.4}{\376\377\000C\000o\000n\000c\000l\000u\000s\000i\000o\000n\000s}{}% 51
\BOOKMARK [0][-]{chapter*.5}{\376\377\000A\000p\000p\000e\000n\000d\000i\000x}{}% 52
\BOOKMARK [0][-]{chapter*.6}{\376\377\000B\000i\000b\000l\000i\000o\000g\000r\000a\000p\000h\000y}{}% 53
